// Jest Snapshot v1, https://goo.gl/fbAQLP

exports[`Tag component renders properly and matches snapshot 1`] = `
<div>
  <div
    class="tag"
  >
    Sample Tag
    <button
      class="tag__remove-button"
    >
      Ã—
    </button>
  </div>
</div>
`;
